// Jest Snapshot v1, https://goo.gl/fbAQLP

exports[`Favorites correctly renders after relaunch When empty 1`] = `
<div
  className="page__favorites-container container"
>
  <section
    className="favorites favorites--empty"
  >
    <h1
      className="visually-hidden"
    >
      Favorites (empty)
    </h1>
    <div
      className="favorites__status-wrapper"
    >
      <b
        className="favorites__status"
      >
        Nothing yet saved.
      </b>
      <p
        className="favorites__status-description"
      >
        Save properties to narrow down search or plan yor future trips.
      </p>
    </div>
  </section>
</div>
`;

exports[`Favorites correctly renders after relaunch When is not loaded 1`] = `"Loading..."`;

exports[`Favorites correctly renders after relaunch With content 1`] = `
<div
  className="page__favorites-container container"
>
  <section
    className="favorites"
  >
    <h1
      className="favorites__title"
    >
      Saved listing
    </h1>
    <ul
      className="favorites__list"
    >
      <li
        className="favorites__locations-items"
      >
        <div
          className="favorites__locations locations locations--current"
        >
          <div
            className="locations__item"
          >
            <a
              className="locations__item-link"
              href="#"
            >
              <span>
                city
              </span>
            </a>
          </div>
        </div>
        <div
          className="favorites__places"
        >
          <article
            className="favorites__card place-card"
            data-id={1}
            onMouseEnter={[Function]}
            onMouseLeave={[Function]}
          >
            
            <div
              className="favorites__image-wrapper place-card__image-wrapper"
            >
              <a
                className="js-detail-link"
                href="/offer/1"
                onClick={[Function]}
              >
                <img
                  alt="Place image"
                  className="place-card__image"
                  height={100}
                  width={150}
                />
              </a>
            </div>
            <div
              className="favorites__card-info place-card__info"
            >
              <div
                className="place-card__price-wrapper"
              >
                <div
                  className="place-card__price"
                >
                  <b
                    className="place-card__price-value"
                  >
                    €
                    0
                  </b>
                  <span
                    className="place-card__price-text"
                  >
                     / night
                  </span>
                </div>
                <button
                  className="place-card__bookmark-button place-card__bookmark-button--active button js-favorites-link"
                  onClick={[Function]}
                  type="button"
                >
                  <svg
                    className="place-card__bookmark-icon"
                    height="19"
                    width="18"
                  >
                    <use
                      xlinkHref="#icon-bookmark"
                    />
                  </svg>
                  <span
                    className="visually-hidden"
                  >
                    In bookmarks
                  </span>
                </button>
              </div>
              <div
                className="place-card__rating rating"
              >
                <div
                  className="place-card__stars rating__stars"
                >
                  <span
                    style={
                      Object {
                        "width": "0%",
                      }
                    }
                  />
                  <span
                    className="visually-hidden"
                  >
                    Rating
                  </span>
                </div>
              </div>
              <h2
                className="place-card__name"
              >
                <a
                  className="js-detail-link"
                  href="/offer/1"
                  onClick={[Function]}
                >
                  Title1
                </a>
              </h2>
              <p
                className="place-card__type"
              >
                Apartment
              </p>
            </div>
          </article>
        </div>
      </li>
    </ul>
  </section>
</div>
`;
