// Jest Snapshot v1, https://goo.gl/fbAQLP

exports[`Main content correctly renders after relaunch 1`] = `
Array [
  <section
    className="cities__places places"
  >
    <h2
      className="visually-hidden"
    >
      Places
    </h2>
    <b
      className="places__found"
    >
      1
       places to stay in 
      1
    </b>
    <form
      action="#"
      className="places__sorting"
      method="get"
    >
      <span
        className="places__sorting-caption"
      >
        Sort by
      </span>
       
      <span
        className="places__sorting-type"
        onClick={[Function]}
        tabIndex="0"
      >
        Popular
        <svg
          className="places__sorting-arrow"
          height="4"
          width="7"
        >
          <use
            xlinkHref="#icon-arrow-select"
          />
        </svg>
      </span>
      <ul
        className="places__options places__options--custom"
      >
        <li
          className="places__option places__option--active js-sorting-option"
          data-sort="popular"
          onClick={[Function]}
          tabIndex="0"
        >
          Popular
        </li>
        <li
          className="places__option js-sorting-option"
          data-sort="to-high"
          onClick={[Function]}
          tabIndex="0"
        >
          Price: low to high
        </li>
        <li
          className="places__option js-sorting-option"
          data-sort="to-low"
          onClick={[Function]}
          tabIndex="0"
        >
          Price: high to low
        </li>
        <li
          className="places__option js-sorting-option"
          data-sort="top-rated"
          onClick={[Function]}
          tabIndex="0"
        >
          Top rated first
        </li>
      </ul>
    </form>
    <div
      className="cities__places-list tabs__content places__list"
    >
      <article
        className="cities__place-card place-card"
        data-id={0}
        onMouseEnter={[Function]}
        onMouseLeave={[Function]}
      >
        
        <div
          className="cities__image-wrapper place-card__image-wrapper"
        >
          <a
            className="js-detail-link"
            href="/offer/0"
            onClick={[Function]}
          >
            <img
              alt="Place image"
              className="place-card__image"
              height="200"
              width="260"
            />
          </a>
        </div>
        <div
          className="place-card__info"
        >
          <div
            className="place-card__price-wrapper"
          >
            <div
              className="place-card__price"
            >
              <b
                className="place-card__price-value"
              >
                €
                0
              </b>
              <span
                className="place-card__price-text"
              >
                 / night
              </span>
            </div>
            <button
              className="place-card__bookmark-button button"
              type="button"
            >
              <svg
                className="place-card__bookmark-icon"
                height="19"
                width="18"
              >
                <use
                  xlinkHref="#icon-bookmark"
                />
              </svg>
              <span
                className="visually-hidden"
              >
                To bookmarks
              </span>
            </button>
          </div>
          <div
            className="place-card__rating rating"
          >
            <div
              className="place-card__stars rating__stars"
            >
              <span
                style={
                  Object {
                    "width": "0%",
                  }
                }
              />
              <span
                className="visually-hidden"
              >
                Rating
              </span>
            </div>
          </div>
          <h2
            className="place-card__name"
          >
            <a
              className="js-detail-link"
              href="/offer/0"
              onClick={[Function]}
            >
              
            </a>
          </h2>
          <p
            className="place-card__type"
          >
            Apartment
          </p>
        </div>
      </article>
    </div>
  </section>,
  <div
    className="cities__right-section"
  >
    <section
      className="cities__map map"
      id="map"
    />
  </div>,
]
`;
