// Jest Snapshot v1, https://goo.gl/fbAQLP

exports[`Main empty correctly renders after relaunch 1`] = `
Array [
  <section
    className="cities__no-places"
  >
    <div
      className="cities__status-wrapper tabs__content"
    >
      <b
        className="cities__status"
      >
        No places to stay available
      </b>
      <p
        className="cities__status-description"
      >
        We could not find any property availbale at the moment in 
        1
      </p>
    </div>
  </section>,
  <div
    className="cities__right-section"
  />,
]
`;
